// Jest Snapshot v1, https://goo.gl/fbAQLP

exports[`Chapter List tests basic tests matches the snapshot 1`] = `
<div
  className="chapter-list"
  data-testid="chapter-list"
>
  <div
    className="m-2"
  >
    <button
      aria-label=" Elementary "
      className="btn-block text-left sc-bdVaJa ksrngI"
      onClick={[Function]}
      size="medium"
      type="button"
    >
      <small>
         
        chapter.chapter 1 :
      </small>
       
       Elementary 
       
      <small>
        (4/9)
      </small>
    </button>
  </div>
  <div
    className="m-2"
  >
    <button
      aria-label=" Intermediate - A "
      className="btn-block text-left sc-bdVaJa ksrngI"
      onClick={[Function]}
      size="medium"
      type="button"
    >
      <small>
         
        chapter.chapter 2 :
      </small>
       
       Intermediate - A 
       
      <small>
        (1/8)
      </small>
    </button>
  </div>
  <div
    className="m-2"
  >
    <button
      aria-label=" Intermediate - B "
      className="btn-block text-left sc-bdVaJa ksrngI"
      onClick={[Function]}
      size="medium"
      type="button"
    >
      <small>
         
        chapter.chapter 3 :
      </small>
       
       Intermediate - B 
       
      <small>
        (1/10)
      </small>
    </button>
  </div>
</div>
`;
