// Jest Snapshot v1, https://goo.gl/fbAQLP

exports[`Chapter List tests basic tests matches the snapshot 1`] = `
.c0 {
  outline: none;
  margin: 0;
  font-family: inherit;
  overflow: visible;
  text-transform: none;
  display: inline-block;
  font-weight: 400;
  text-align: center;
  vertical-align: middle;
  -webkit-user-select: none;
  -moz-user-select: none;
  -ms-user-select: none;
  user-select: none;
  background-color: transparent;
  border: 1px solid transparent;
  -webkit-transition: color 0.15s ease-in-out,background-color 0.15s ease-in-out, border-color 0.15s ease-in-out,box-shadow 0.15s ease-in-out;
  transition: color 0.15s ease-in-out,background-color 0.15s ease-in-out, border-color 0.15s ease-in-out,box-shadow 0.15s ease-in-out;
  cursor: pointer;
}

.c0::-webkit-file-upload-button {
  font: inherit;
  -webkit-appearance: button;
}

.c0 [type='button'],
.c0 [type='reset'],
.c0 [type='submit'] {
  -webkit-appearance: button;
}

.c0::-moz-focus-inner,
.c0 [type='button']::-moz-focus-inner,
.c0 [type='reset']::-moz-focus-inner,
.c0 [type='submit']::-moz-focus-inner {
  padding: 0;
  border-style: none;
}

.c0 {
  padding: 0.375rem 0.75rem;
  font-size: 1rem;
  line-height: 1.5;
  border-radius: 0.25rem;
}

.c0 {
  background-color: transparent;
  color: #000000;
  border-color: #000000;
  opacity: 0.85;
}

.c0:hover,
.c0:active,
.c0:focus {
  opacity: 1;
}

<div
  className="chapter-list"
  data-testid="chapter-list"
>
  <div
    className="m-2"
  >
    <button
      aria-label=" Elementary "
      className="btn-block text-left c0"
      onClick={[Function]}
      size="medium"
      type="button"
    >
      <small>
         
        chapter.chapter 1 :
      </small>
       
       Elementary 
       
      <small>
        (4/9)
      </small>
    </button>
  </div>
  <div
    className="m-2"
  >
    <button
      aria-label=" Intermediate - A "
      className="btn-block text-left c0"
      onClick={[Function]}
      size="medium"
      type="button"
    >
      <small>
         
        chapter.chapter 2 :
      </small>
       
       Intermediate - A 
       
      <small>
        (1/8)
      </small>
    </button>
  </div>
  <div
    className="m-2"
  >
    <button
      aria-label=" Intermediate - B "
      className="btn-block text-left c0"
      onClick={[Function]}
      size="medium"
      type="button"
    >
      <small>
         
        chapter.chapter 3 :
      </small>
       
       Intermediate - B 
       
      <small>
        (1/10)
      </small>
    </button>
  </div>
</div>
`;
