// Jest Snapshot v1, https://goo.gl/fbAQLP

exports[`Account Dropdown tests basic tests matches the snapshot 1`] = `
<li
  className="dropdown nav-item"
  data-testid="account-dropdown"
  onKeyDown={[Function]}
>
  <a
    aria-expanded={false}
    aria-haspopup={true}
    className="active dropdown-toggle nav-link"
    href="#"
    onClick={[Function]}
  >
    noel
  </a>
  <div
    aria-hidden={true}
    className="dropdown-menu dropdown-menu-right"
    role="menu"
    size="sm"
    tabIndex="-1"
  >
    <button
      aria-label="account.account"
      className="btn-block text-left sc-bdVaJa dJKqKy"
      onClick={[Function]}
      size="medium"
      type="button"
    >
       
      account.account
       
    </button>
    <button
      aria-label="link.signOut"
      className="btn-block text-left sc-bdVaJa dJKqKy"
      onClick={[Function]}
      size="medium"
      type="button"
    >
       
      link.signOut
       
    </button>
  </div>
</li>
`;
