// Jest Snapshot v1, https://goo.gl/fbAQLP

exports[`i18n Dropdown tests basic tests matches the snapshot 1`] = `
<span
  data-testid="i18n-dropdown-container"
>
  <li
    className="dropdown nav-item"
    onKeyDown={[Function]}
  >
    <a
      aria-expanded={false}
      aria-haspopup={true}
      className="dropdown-toggle nav-link"
      href="#"
      onClick={[Function]}
    >
      English [en]
    </a>
    <div
      aria-hidden={true}
      className="dropdown-menu dropdown-menu-right"
      role="menu"
      size="sm"
      tabIndex="-1"
    >
      <button
        aria-label="English [en]"
        className="btn-block text-left sc-bdVaJa gMoiZy"
        onClick={[Function]}
        size="medium"
        type="button"
      >
         
        English [en]
         
      </button>
    </div>
  </li>
</span>
`;
