// Jest Snapshot v1, https://goo.gl/fbAQLP

exports[`Chapter Complete Card tests basic tests matches the snapshot 1`] = `
<div
  className="chapter-complete-card card card-body text-center py-5"
  data-testid="chapter-complete-card"
>
  <div
    className="text-secondary"
  >
    <h3>
      chapter.goodjob
      !
    </h3>
    <p>
      chapter.chapterCompleteMessage
    </p>
    <br />
    <button
      aria-label="lesson.nextLesson"
      className="sc-bdVaJa lihPxa"
      onClick={[Function]}
      size="medium"
      type="button"
    >
       
      lesson.nextLesson
       
    </button>
     
    <a
      aria-label="table of contents"
      className="btn type-secondary"
      href="/chapters"
      onClick={[Function]}
    >
      link.tableOfContents
    </a>
  </div>
</div>
`;
