// Jest Snapshot v1, https://goo.gl/fbAQLP

exports[`Auth Modal tests basic tests matches the snapshot 1`] = `
<li
  className="nav-item"
  data-testid="auth-modal"
>
  <button
    aria-label="link.signIn"
    className="nav-link sc-bdVaJa dJKqKy"
    data-testid="toggle"
    onClick={[Function]}
    size="medium"
    type="button"
  >
     
    link.signIn
     
  </button>
</li>
`;
