// Jest Snapshot v1, https://goo.gl/fbAQLP

exports[`Auth Modal tests basic tests matches the snapshot 1`] = `
<li
  className="nav-item"
>
  <a
    className="nav-link"
    onClick={[Function]}
    style={
      Object {
        "cursor": "pointer",
      }
    }
  >
    link.signIn
  </a>
</li>
`;
