// Jest Snapshot v1, https://goo.gl/fbAQLP

exports[`renders correctly 1`] = `
<div
  className="progress"
  style={
    Object {
      "height": 5,
    }
  }
>
  <div
    aria-valuemax={10}
    aria-valuemin={0}
    aria-valuenow={5}
    className="progress-bar bg-secondary"
    role="progressbar"
    style={
      Object {
        "width": "50%",
      }
    }
  />
</div>
`;
